/bin/sh: 1: /var/www/vinapp/update_prices.sh: not found
Connecting to Regional Node...
✅ Market Index Updated Successfully: Tue Jan 20 09:00:01 CET 2026
Connecting to Regional Node...
✅ Market Index Updated Successfully: Tue Jan 20 10:00:03 CET 2026
Connecting to Regional Node...
✅ Market Index Updated Successfully: Tue Jan 20 11:00:02 CET 2026
Connecting to Regional Node...
✅ Market Index Updated Successfully: Tue Jan 20 12:00:04 CET 2026
Connecting to Regional Node...
✅ Market Index Updated Successfully: Tue Jan 20 13:00:04 CET 2026
Connecting to Regional Node...
✅ Market Index Updated Successfully: Tue Jan 20 14:00:02 CET 2026
Connecting to Regional Node...
✅ Market Index Updated Successfully: Tue Jan 20 15:00:03 CET 2026
Connecting to Regional Node...
✅ Market Index Updated Successfully: Tue Jan 20 16:00:03 CET 2026
Connecting to Regional Node...
✅ Market Index Updated Successfully: Tue Jan 20 17:00:15 CET 2026
Connecting to Regional Node...
✅ Market Index Updated Successfully: Tue Jan 20 18:00:03 CET 2026
✅ Market Index Synced
✅ Market Index Synced
✅ Market Index Synced
✅ Market Index Synced
✅ Market Index Synced
✅ Market Index Synced
✅ Market Index Synced
✅ Market Index Synced
📡 Connecting to Regional Pricing Node...
✅ Market Index Updated: Wed Jan 21 03:00:02 CET 2026
📡 Connecting to Regional Pricing Node...
✅ Market Index Updated: Wed Jan 21 04:00:02 CET 2026
/bin/sh: 1: /var/www/vinapp/update_prices.sh: not found
/bin/sh: 1: /var/www/vinapp/update_prices.sh: not found
/bin/sh: 1: /var/www/vinapp/update_prices.sh: not found
/bin/sh: 1: /var/www/vinapp/update_prices.sh: not found
/bin/sh: 1: /var/www/vinapp/update_prices.sh: not found
/bin/sh: 1: /var/www/vinapp/update_prices.sh: not found
/bin/sh: 1: /var/www/vinapp/update_prices.sh: not found
/bin/sh: 1: /var/www/vinapp/update_prices.sh: not found
/bin/sh: 1: /var/www/vinapp/update_prices.sh: not found
/bin/sh: 1: /var/www/vinapp/update_prices.sh: not found
/bin/sh: 1: /var/www/vinapp/update_prices.sh: not found
/bin/sh: 1: /var/www/vinapp/update_prices.sh: not found
/bin/sh: 1: /var/www/vinapp/update_prices.sh: not found
/bin/sh: 1: /var/www/vinapp/update_prices.sh: not found
/bin/sh: 1: /var/www/vinapp/update_prices.sh: not found
/bin/sh: 1: /var/www/vinapp/update_prices.sh: not found
/bin/sh: 1: /var/www/vinapp/update_prices.sh: not found
/bin/sh: 1: /var/www/vinapp/update_prices.sh: not found
/bin/sh: 1: /var/www/vinapp/update_prices.sh: not found
/bin/sh: 1: /var/www/vinapp/update_prices.sh: not found
/bin/sh: 1: /var/www/vinapp/update_prices.sh: not found
/bin/sh: 1: /var/www/vinapp/update_prices.sh: not found
/bin/sh: 1: /var/www/vinapp/update_prices.sh: not found
/bin/sh: 1: /var/www/vinapp/update_prices.sh: not found
/bin/sh: 1: /var/www/vinapp/update_prices.sh: not found
/bin/sh: 1: /var/www/vinapp/update_prices.sh: not found
/bin/sh: 1: /var/www/vinapp/update_prices.sh: not found
/bin/sh: 1: /var/www/vinapp/update_prices.sh: not found
/bin/sh: 1: /var/www/vinapp/update_prices.sh: not found
/bin/sh: 1: /var/www/vinapp/update_prices.sh: not found
/bin/sh: 1: /var/www/vinapp/update_prices.sh: not found
/bin/sh: 1: /var/www/vinapp/update_prices.sh: not found
/bin/sh: 1: /var/www/vinapp/update_prices.sh: not found
/bin/sh: 1: /var/www/vinapp/update_prices.sh: not found
/bin/sh: 1: /var/www/vinapp/update_prices.sh: not found
/bin/sh: 1: /var/www/vinapp/update_prices.sh: not found
/bin/sh: 1: /var/www/vinapp/update_prices.sh: not found
/bin/sh: 1: /var/www/vinapp/update_prices.sh: not found
/bin/sh: 1: /var/www/vinapp/update_prices.sh: not found
/bin/sh: 1: /var/www/vinapp/update_prices.sh: not found
/bin/sh: 1: /var/www/vinapp/update_prices.sh: not found
/bin/sh: 1: /var/www/vinapp/update_prices.sh: not found
/bin/sh: 1: /var/www/vinapp/update_prices.sh: not found
/bin/sh: 1: /var/www/vinapp/update_prices.sh: not found
/bin/sh: 1: /var/www/vinapp/update_prices.sh: not found
/bin/sh: 1: /var/www/vinapp/update_prices.sh: not found
/bin/sh: 1: /var/www/vinapp/update_prices.sh: not found
/bin/sh: 1: /var/www/vinapp/update_prices.sh: not found
/bin/sh: 1: /var/www/vinapp/update_prices.sh: not found
/bin/sh: 1: /var/www/vinapp/update_prices.sh: not found
/bin/sh: 1: /var/www/vinapp/update_prices.sh: not found
/bin/sh: 1: /var/www/vinapp/update_prices.sh: not found
/bin/sh: 1: /var/www/vinapp/update_prices.sh: not found
/bin/sh: 1: /var/www/vinapp/update_prices.sh: not found
/bin/sh: 1: /var/www/vinapp/update_prices.sh: not found
/bin/sh: 1: /var/www/vinapp/update_prices.sh: not found
/bin/sh: 1: /var/www/vinapp/update_prices.sh: not found
/bin/sh: 1: /var/www/vinapp/update_prices.sh: not found
/bin/sh: 1: /var/www/vinapp/update_prices.sh: not found
/bin/sh: 1: /var/www/vinapp/update_prices.sh: not found
/bin/sh: 1: /var/www/vinapp/update_prices.sh: not found
/bin/sh: 1: /var/www/vinapp/update_prices.sh: not found
/bin/sh: 1: /var/www/vinapp/update_prices.sh: not found
/bin/sh: 1: /var/www/vinapp/update_prices.sh: not found
/bin/sh: 1: /var/www/vinapp/update_prices.sh: not found
/bin/sh: 1: /var/www/vinapp/update_prices.sh: not found
/bin/sh: 1: /var/www/vinapp/update_prices.sh: not found
/bin/sh: 1: /var/www/vinapp/update_prices.sh: not found
/bin/sh: 1: /var/www/vinapp/update_prices.sh: not found
/bin/sh: 1: /var/www/vinapp/update_prices.sh: not found
/bin/sh: 1: /var/www/vinapp/update_prices.sh: not found
/bin/sh: 1: /var/www/vinapp/update_prices.sh: not found
/bin/sh: 1: /var/www/vinapp/update_prices.sh: not found
/bin/sh: 1: /var/www/vinapp/update_prices.sh: not found
/bin/sh: 1: /var/www/vinapp/update_prices.sh: not found
/bin/sh: 1: /var/www/vinapp/update_prices.sh: not found
/bin/sh: 1: /var/www/vinapp/update_prices.sh: not found
/bin/sh: 1: /var/www/vinapp/update_prices.sh: not found
/bin/sh: 1: /var/www/vinapp/update_prices.sh: not found
/bin/sh: 1: /var/www/vinapp/update_prices.sh: not found
/bin/sh: 1: /var/www/vinapp/update_prices.sh: not found
/bin/sh: 1: /var/www/vinapp/update_prices.sh: not found
